COMPONENT_RENDERNG=com.tibco.cep.dashboard.plugin.beviews.runtime.BEViewsComponentRenderingResolverImpl

COMPONENT_HANDLER=com.tibco.cep.dashboard.plugin.beviews.vizengine.BEViewsComponentHandlerResolverImpl

VISUALIZATION_HANDLER=com.tibco.cep.dashboard.plugin.beviews.vizengine.BEViewsVisualizationHandlerResolverImpl

DATASOURCE_HANDLER=com.tibco.cep.dashboard.plugin.beviews.data.BEViewsDataSourceResolverImpl

ACTIONCONFIG_GENERATOR=com.tibco.cep.dashboard.plugin.beviews.vizengine.actions.BEViewsActionConfigGeneratorResolverImpl

DATAFORMAT_HANDLER=

LAYOUT_GENERATOR=

DATASOURCE_UPDATE_HANDLER=com.tibco.cep.dashboard.plugin.beviews.streaming.BEViewsDataSourceUpdateHandlerResolverImpl

ALERT_EVALUATOR=

PUB_SUB_HANDLER=com.tibco.cep.dashboard.plugin.beviews.streaming.BEViewsUpdatesProviderResolverImpl

PAGE_PREPROCESSOR=com.tibco.cep.dashboard.plugin.beviews.vizengine.BEViewsPagePreprocessorResolverImpl

EXTERNAL_REFERENCE_HANDLER=com.tibco.cep.dashboard.plugin.beviews.mal.BEViewsExternalReferenceResolverImpl